// Jest Snapshot v1, https://goo.gl/fbAQLP

exports[`CounterApp component tests should show the component correctly 1`] = `
<Fragment>
  <h1>
    CounterApp
  </h1>
  <p>
    0
  </p>
  <button
    onClick={[Function]}
  >
    +
  </button>
  <button
    onClick={[Function]}
  >
    Reset
  </button>
  <button
    onClick={[Function]}
  >
    -
  </button>
</Fragment>
`;
